[{'stt.ui8': 53},
 {'stt.arr16': [14134, 14648]},
 {'stt.bf16.b9': 314},
 {'stt.bf16.b1': 1},
 {'stt.bf16.b6': 14}]
